// Jest Snapshot v1, https://goo.gl/fbAQLP

exports[`<App/> Renders correctly 1`] = `
Array [
  <div
    className="headerDiv"
  >
    <h1
      className="title"
    >
      RESTy
    </h1>
  </div>,
  <main
    className="mainForm"
  >
    <div
      className="form"
    >
      <label
        className="urlLabel"
      >
        URL:
      </label>
      <input
        className="urlInput"
        onChange={[Function]}
        type="text"
      />
      <button
        className="method"
        id="go"
        onClick={[Function]}
      >
        Go!
      </button>
      <br />
      <button
        className="method"
        id="get"
        onClick={[Function]}
      >
        GET
      </button>
      <button
        className="method"
        id="post"
        onClick={[Function]}
      >
        POST
      </button>
      <button
        className="method"
        id="put"
        onClick={[Function]}
      >
        PUT
      </button>
      <button
        className="method"
        id="delete"
        onClick={[Function]}
      >
        DELETE
      </button>
    </div>
    <div
      className="fullMethod"
    >
      
    </div>
  </main>,
  <div
    className="footer"
  >
    <p
      className="copyRight"
    >
       Â© 2020 Code Fellow
    </p>
  </div>,
]
`;
